// Jest Snapshot v1, https://goo.gl/fbAQLP

exports[`load page should map snapshot 1`] = `
<div>
  <Button
    block={false}
    ghost={false}
    htmlType="button"
    loading={false}
    onClick={[Function]}
  >
    1
  </Button>
  <Button
    block={false}
    ghost={false}
    htmlType="button"
    loading={false}
    onClick={[Function]}
  >
    2
  </Button>
  <div
    className="testDiv"
  >
    1
  </div>
</div>
`;
